2026-08-19 14:07:20,673 INFO hackuity.api Vérification TLS via le magasin de certificats Windows
2026-08-19 14:11:21,295 INFO hackuity.api Vérification TLS via le magasin de certificats Windows
2026-08-19 14:11:38,565 INFO hackuity.api Vérification TLS via le magasin de certificats Windows
2026-08-19 14:15:23,421 INFO hackuity.api Vérification TLS via le magasin de certificats Windows
2026-08-19 14:15:25,490 WARNING urllib3.connectionpool Retrying (Retry(total=3, connect=3, read=4, redirect=None, status=0)) after connection broken by 'NewConnectionError("HTTPSConnection(host='127.0.0.1', port=9): Failed to establish a new connection: [WinError 10061] Aucune connexion n’a pu être établie car l’ordinateur cible l’a expressément refusée")': /api/v1/namespaces/N125750927496/search/assets
2026-08-19 14:15:29,539 WARNING urllib3.connectionpool Retrying (Retry(total=2, connect=2, read=4, redirect=None, status=0)) after connection broken by 'NewConnectionError("HTTPSConnection(host='127.0.0.1', port=9): Failed to establish a new connection: [WinError 10061] Aucune connexion n’a pu être établie car l’ordinateur cible l’a expressément refusée")': /api/v1/namespaces/N125750927496/search/assets
2026-08-19 14:15:35,574 WARNING urllib3.connectionpool Retrying (Retry(total=1, connect=1, read=4, redirect=None, status=0)) after connection broken by 'NewConnectionError("HTTPSConnection(host='127.0.0.1', port=9): Failed to establish a new connection: [WinError 10061] Aucune connexion n’a pu être établie car l’ordinateur cible l’a expressément refusée")': /api/v1/namespaces/N125750927496/search/assets
2026-08-19 14:15:45,620 WARNING urllib3.connectionpool Retrying (Retry(total=0, connect=0, read=4, redirect=None, status=0)) after connection broken by 'NewConnectionError("HTTPSConnection(host='127.0.0.1', port=9): Failed to establish a new connection: [WinError 10061] Aucune connexion n’a pu être établie car l’ordinateur cible l’a expressément refusée")': /api/v1/namespaces/N125750927496/search/assets
2026-08-19 14:16:03,733 INFO hackuity.api Vérification TLS via le magasin de certificats Windows
2026-08-19 14:16:37,411 INFO hackuity.api Vérification TLS via le magasin de certificats Windows
2026-08-19 14:16:37,589 ERROR hackuity.api Erreur HTTP Hackuity
status=400
endpoint=POST /api/v1/namespaces/N125750927496/search/assets
payload={"query": {"type": "group", "children1": [{"type": "rule", "properties": {"field": "asset.state", "fieldSrc": "field", "operator": "multiselect_in", "value": [["DEFAULT"]], "valueSrc": ["value"], "valueType": ["multiselect"]}}, {"type": "rule", "properties": {"field": "asset.name", "fieldSrc": "field", "operator": "like", "value": ["BYCVWEB221"], "valueSrc": ["value"], "valueType": ["text"]}}], "properties": {"conjunction": "AND", "not": false}}, "searchCriteriaType": "QUERY_ENGINE", "offset": 0, "limit": 50}
response={"correlationId":"KKNzGw8PTVaVUutE1M2how","kind":"hy#error","reason":"Unknown query operator like"}
2026-08-19 14:17:47,887 INFO hackuity.api Vérification TLS via le magasin de certificats Windows
2026-08-19 14:17:58,838 INFO hackuity.api Vérification TLS via le magasin de certificats Windows
2026-08-19 14:17:59,777 INFO hackuity Recherche hostname BYCVWEB221: page offset=0, 0/500 asset(s) correspondant(s)
2026-08-19 14:18:00,556 INFO hackuity Recherche hostname BYCVWEB221: page offset=500, 0/500 asset(s) correspondant(s)
2026-08-19 14:18:01,052 INFO hackuity Recherche hostname BYCVWEB221: page offset=1000, 0/278 asset(s) correspondant(s)
2026-08-19 14:18:01,053 WARNING hackuity Aucun asset Hackuity ne correspond au hostname BYCVWEB221
2026-08-19 14:18:26,594 INFO hackuity.api Vérification TLS via le magasin de certificats Windows
2026-08-19 14:18:27,609 INFO hackuity Recherche hostname BYCVWEB221.bouygues-construction.com: page offset=0, 0/500 asset(s) correspondant(s)
2026-08-19 14:18:28,457 INFO hackuity Recherche hostname BYCVWEB221.bouygues-construction.com: page offset=500, 0/500 asset(s) correspondant(s)
2026-08-19 14:18:28,967 INFO hackuity Recherche hostname BYCVWEB221.bouygues-construction.com: page offset=1000, 0/278 asset(s) correspondant(s)
2026-08-19 14:18:28,967 WARNING hackuity Aucun asset Hackuity ne correspond au hostname BYCVWEB221.bouygues-construction.com
2026-08-19 14:18:39,012 INFO hackuity.api Vérification TLS via le magasin de certificats Windows
2026-08-19 14:18:39,914 INFO hackuity Recherche hostname BCNVWEB221: page offset=0, 0/500 asset(s) correspondant(s)
2026-08-19 14:18:40,694 INFO hackuity Recherche hostname BCNVWEB221: page offset=500, 0/500 asset(s) correspondant(s)
2026-08-19 14:18:41,159 INFO hackuity Recherche hostname BCNVWEB221: page offset=1000, 1/278 asset(s) correspondant(s)
2026-08-19 14:19:45,920 INFO hackuity INFO_STDOUT_TEST
2026-08-19 14:19:45,921 ERROR hackuity ERROR_STDERR_TEST
2026-08-19 14:20:02,591 INFO hackuity.api Vérification TLS via le magasin de certificats Windows
2026-08-19 14:20:03,533 INFO hackuity Recherche hostname BCNVWEB221.bouygues-construction.com: page offset=0, 0/500 asset(s) correspondant(s)
2026-08-19 14:20:04,831 INFO hackuity Recherche hostname BCNVWEB221.bouygues-construction.com: page offset=500, 0/500 asset(s) correspondant(s)
2026-08-19 14:20:05,322 INFO hackuity Recherche hostname BCNVWEB221.bouygues-construction.com: page offset=1000, 1/278 asset(s) correspondant(s)
2026-08-19 14:20:58,044 INFO hackuity.api Vérification TLS via le magasin de certificats Windows
2026-08-19 14:20:58,900 INFO hackuity Recherche hostname BCNVWEB221.bouygues-construction.com: page offset=0, 0/500 asset(s) correspondant(s)
2026-08-19 14:20:59,687 INFO hackuity Recherche hostname BCNVWEB221.bouygues-construction.com: page offset=500, 0/500 asset(s) correspondant(s)
2026-08-19 14:21:00,187 INFO hackuity Recherche hostname BCNVWEB221.bouygues-construction.com: page offset=1000, 1/278 asset(s) correspondant(s)
2026-08-19 14:21:17,972 INFO hackuity.api Vérification TLS via le magasin de certificats Windows
2026-08-19 14:21:18,922 INFO hackuity Recherche hostname BYCVWEB221: page offset=0, 0/500 asset(s) correspondant(s)
2026-08-19 14:21:19,793 INFO hackuity Recherche hostname BYCVWEB221: page offset=500, 0/500 asset(s) correspondant(s)
2026-08-19 14:21:20,256 INFO hackuity Recherche hostname BYCVWEB221: page offset=1000, 0/278 asset(s) correspondant(s)
2026-08-19 14:21:20,257 WARNING hackuity Aucun asset Hackuity ne correspond au hostname BYCVWEB221
2026-08-19 14:22:26,769 INFO hackuity.api Vérification TLS via le magasin de certificats Windows
2026-08-19 14:22:27,655 INFO hackuity Recherche hostname BCNVWEB221: page offset=0, 0/500 asset(s) correspondant(s)
2026-08-19 14:22:28,615 INFO hackuity Recherche hostname BCNVWEB221: page offset=500, 0/500 asset(s) correspondant(s)
2026-08-19 14:22:29,080 INFO hackuity Recherche hostname BCNVWEB221: page offset=1000, 1/278 asset(s) correspondant(s)
2026-08-19 14:24:21,171 INFO hackuity.api Vérification TLS via le magasin de certificats Windows
2026-08-19 14:24:22,076 INFO hackuity Recherche hostname BYCVWEB221.bouygues-construction.com: page offset=0, 0/500 asset(s) correspondant(s)
2026-08-19 14:24:22,887 INFO hackuity Recherche hostname BYCVWEB221.bouygues-construction.com: page offset=500, 0/500 asset(s) correspondant(s)
2026-08-19 14:24:23,393 INFO hackuity Recherche hostname BYCVWEB221.bouygues-construction.com: page offset=1000, 0/278 asset(s) correspondant(s)
2026-08-19 14:24:23,394 WARNING hackuity Aucun asset Hackuity ne correspond au hostname BYCVWEB221.bouygues-construction.com
2026-08-19 14:24:54,406 INFO hackuity.api Vérification TLS via le magasin de certificats Windows
2026-08-19 14:24:55,304 INFO hackuity Recherche hostname BYCVWEB221.bouygues-construction.com: page offset=0, 0/500 asset(s) correspondant(s)
2026-08-19 14:24:56,109 INFO hackuity Recherche hostname BYCVWEB221.bouygues-construction.com: page offset=500, 0/500 asset(s) correspondant(s)
2026-08-19 14:24:56,598 INFO hackuity Recherche hostname BYCVWEB221.bouygues-construction.com: page offset=1000, 0/278 asset(s) correspondant(s)
2026-08-19 14:24:56,599 WARNING hackuity Aucun asset Hackuity ne correspond au hostname BYCVWEB221.bouygues-construction.com
2026-08-19 14:30:06,268 INFO hackuity.api Vérification TLS via le magasin de certificats Windows
2026-08-19 14:30:07,435 INFO hackuity Recherche hostname BYCVWEB221: page offset=0, 0/500 asset(s) correspondant(s)
2026-08-19 14:30:08,268 INFO hackuity Recherche hostname BYCVWEB221: page offset=500, 0/500 asset(s) correspondant(s)
2026-08-19 14:30:08,783 INFO hackuity Recherche hostname BYCVWEB221: page offset=1000, 0/278 asset(s) correspondant(s)
2026-08-19 14:30:08,784 WARNING hackuity Aucun asset Hackuity ne correspond au hostname BYCVWEB221
2026-08-19 14:31:24,510 INFO hackuity.api Vérification TLS via le magasin de certificats Windows
2026-08-19 14:31:25,390 INFO hackuity Recherche hostname BYCVWEB221.bouygues-construction.com: page offset=0, 0/500 asset(s) correspondant(s)
2026-08-19 14:31:26,220 INFO hackuity Recherche hostname BYCVWEB221.bouygues-construction.com: page offset=500, 0/500 asset(s) correspondant(s)
2026-08-19 14:31:26,827 INFO hackuity Recherche hostname BYCVWEB221.bouygues-construction.com: page offset=1000, 0/278 asset(s) correspondant(s)
2026-08-19 14:31:26,827 WARNING hackuity Aucun asset Hackuity ne correspond au hostname BYCVWEB221.bouygues-construction.com
2026-08-19 14:32:19,319 INFO hackuity.api Vérification TLS via le magasin de certificats Windows
2026-08-19 14:32:20,313 INFO hackuity Recherche hostname BYCVNWEB221.bouygues-construction.com: page offset=0, 0/500 asset(s) correspondant(s)
2026-08-19 14:32:21,078 INFO hackuity Recherche hostname BYCVNWEB221.bouygues-construction.com: page offset=500, 0/500 asset(s) correspondant(s)
2026-08-19 14:32:21,549 INFO hackuity Recherche hostname BYCVNWEB221.bouygues-construction.com: page offset=1000, 0/278 asset(s) correspondant(s)
2026-08-19 14:32:21,549 WARNING hackuity Aucun asset Hackuity ne correspond au hostname BYCVNWEB221.bouygues-construction.com
2026-08-19 14:32:36,070 INFO hackuity.api Vérification TLS via le magasin de certificats Windows
2026-08-19 14:32:37,080 INFO hackuity Recherche hostname bcnvweb221: page offset=0, 0/500 asset(s) correspondant(s)
2026-08-19 14:32:37,915 INFO hackuity Recherche hostname bcnvweb221: page offset=500, 0/500 asset(s) correspondant(s)
2026-08-19 14:32:38,414 INFO hackuity Recherche hostname bcnvweb221: page offset=1000, 1/278 asset(s) correspondant(s)
2026-08-19 14:35:39,075 INFO hackuity.api Vérification TLS via le magasin de certificats Windows
2026-08-19 14:35:40,029 INFO hackuity Recherche hostname bcnvweb221: page offset=0, 0/500 asset(s) correspondant(s)
2026-08-19 14:35:40,868 INFO hackuity Recherche hostname bcnvweb221: page offset=500, 0/500 asset(s) correspondant(s)
2026-08-19 14:35:41,364 INFO hackuity Recherche hostname bcnvweb221: page offset=1000, 1/278 asset(s) correspondant(s)
2026-08-19 15:30:22,911 INFO hackuity.api Vérification TLS via le magasin de certificats Windows
2026-08-19 15:30:23,812 INFO hackuity Recherche hostname bcnvweb221: page offset=0, 0/500 asset(s) correspondant(s)
2026-08-19 15:30:24,627 INFO hackuity Recherche hostname bcnvweb221: page offset=500, 0/500 asset(s) correspondant(s)
2026-08-19 15:30:25,132 INFO hackuity Recherche hostname bcnvweb221: page offset=1000, 1/278 asset(s) correspondant(s)
